    Checking cfg-if v1.0.4
    Checking memchr v2.8.3
    Checking typenum v1.20.1
    Checking itoa v1.0.18
    Checking libc v0.2.189
    Checking sha1_smol v1.0.1
    Checking serde_core v1.0.229
    Checking zerocopy v0.8.56
    Checking zmij v1.0.23
    Checking log v0.4.33
    Checking bytes v1.12.1
    Checking utf-8 v0.7.6
    Checking data-encoding v2.11.1
    Checking httparse v1.10.1
    Checking thiserror v2.0.20
    Checking regex-syntax v0.8.11
    Checking foldhash v0.1.5
    Checking utf8parse v0.2.2
    Checking jiff-core v0.1.0
    Checking hashbrown v0.17.1
    Checking anstyle v1.0.14
    Checking bitflags v2.13.1
    Checking colorchoice v1.0.5
    Checking hashbrown v0.15.5
    Checking equivalent v1.0.2
    Checking is_terminal_polyfill v1.70.2
    Checking aho-corasick v1.1.5
    Checking anstyle-parse v1.0.0
    Checking generic-array v0.14.7
    Checking anstyle-query v1.1.5
    Checking libsqlite3-sys v0.35.0
    Checking ryu v1.0.23
    Checking unsafe-libyaml v0.2.11
    Checking fallible-iterator v0.3.0
    Checking unicase v2.9.0
    Checking anstream v1.0.0
    Checking http v1.5.0
    Checking getrandom v0.3.4
    Checking getrandom v0.4.3
    Checking cpufeatures v0.2.17
    Checking errno v0.3.14
    Checking rand_core v0.9.5
    Checking fallible-streaming-iterator v0.1.9
   Compiling bridget-daemon v0.1.3 (/Users/moi/Nextcloud/10.Scripts/64.bridget/.worktrees/138-priorite-projet/crates/bridget-daemon)
    Checking smallvec v1.15.2
    Checking pulldown-cmark v0.13.4
    Checking signal-hook-registry v1.4.8
    Checking hashlink v0.10.0
    Checking indexmap v2.14.0
    Checking unicode-width v0.2.2
    Checking minreq v2.14.1
    Checking signal-hook v0.3.18
    Checking block-buffer v0.10.4
    Checking crypto-common v0.1.7
    Checking rusqlite v0.37.0
    Checking jiff v0.2.35
    Checking regex-automata v0.4.18
    Checking digest v0.10.7
    Checking sha1 v0.10.7
    Checking sha2 v0.10.9
    Checking serde v1.0.229
    Checking serde_json v1.0.151
    Checking uuid v1.24.0
    Checking serde_yaml v0.9.34+deprecated
    Checking bridget-core v0.1.3 (/Users/moi/Nextcloud/10.Scripts/64.bridget/.worktrees/138-priorite-projet/crates/bridget-core)
    Checking regex v1.13.1
    Checking env_filter v2.0.0
    Checking env_logger v0.11.11
    Checking ppv-lite86 v0.2.21
    Checking rand_chacha v0.9.0
    Checking rand v0.9.5
    Checking tungstenite v0.26.2
    Checking bridget-transport v0.1.3 (/Users/moi/Nextcloud/10.Scripts/64.bridget/.worktrees/138-priorite-projet/crates/bridget-transport)
    Finished `dev` profile [unoptimized + debuginfo] target(s) in 43.84s
