   Compiling bridget-daemon v0.1.3 (/Users/moi/Nextcloud/10.Scripts/64.bridget/.worktrees/138-priorite-projet/crates/bridget-daemon)
    Finished `test` profile [unoptimized + debuginfo] target(s) in 19.47s
     Running unittests src/lib.rs (/Volumes/8TB2/01-workflow/bridget-138-cargo.HjVvbG/debug/deps/bridget_daemon-54d50906404159c8)

running 80 tests
test cli::depot_tests::les_refus_restent_des_echecs ... ok
test cli::depot_tests::un_sort_indetermine_n_est_pas_un_depot ... ok
test cli::depot_tests::une_remise_en_vol_est_un_depot_reussi ... ok
test cli::hook_tests::cellule_runtime_marque_une_valeur_absente ... ok
test cli::depot_tests::un_identifiant_de_remise_vide_n_atteste_pas_un_depot ... ok
test cli::hook_tests::arguments_attach_refusent_les_formes_ambigues ... ok
test cli::hook_tests::hook_exige_l_accord_session_id_et_transcript ... ok
test cli::hook_tests::arguments_attach_resolvent_les_trois_fenetres ... ok
test cli::hook_tests::reaper_exige_une_racine_explicitement_choisie ... ok
test cli::hook_tests::refus_capacite_nomme_type_modele_et_capacite_absente ... ok
test cli::depot_tests::commandes_projet_retirees_refusees_par_la_garde_avant_namespace ... ok
test cli::hook_tests::commandes_sans_arguments_refusent_le_surplus_qu_elles_recevront_en_production ... ok
test cli::depot_tests::posture_cli_est_une_projection_fermee_sans_defaut_permissif ... ok
test cli::hook_tests::refus_type_inconnu_explique_l_instantane_du_daemon ... ok
test cli::hook_tests::installation_est_idempotente ... ok
test cli::hook_tests::installation_cree_la_section_hooks_absente ... ok
test cli::hook_tests::parseurs_structures_refusent_tous_le_premier_surplus ... ok
test cli::hook_tests::parseurs_structures_conservent_les_formes_documentees_et_le_hook_fail_soft ... ok
test cli::hook_tests::rendu_ledger_cli_reste_octet_pour_octet_stable ... ok
test cli::hook_tests::installation_additive_puis_retrait_restaure_l_original ... ok
test cli::hook_tests::rendu_ledger_distingue_en_vol_et_recu ... ok
test cli::hook_tests::repli_cli_n_accepte_que_l_identifiant_uuid_dans_l_environnement ... ok
test cli::hook_tests::rendu_ledger_compte_une_ligne_par_message_apres_refus_d_un_nom_avec_lf ... ok
test cli::hook_tests::retrait_sans_installation_prealable_ne_change_rien ... ok
test cli::hook_tests::requests_defaut_reste_participant_et_all_expose_de_vers ... ok
test cli::hook_tests::spawn_nomme_sans_persistent_avertit_qu_il_ne_survivra_pas ... ok
test cli::artifact_read_tests::lecture_cli_construit_le_dto_ferme_sans_identite_ou_chemin ... ok
test cli::hook_tests::spec115_fil_t3_signe_par_sa_filiation_attestee ... ok
test cli::hook_tests::spec133_cli_sensible_refuse_le_contexte_enfant_avant_dispatch ... ok
test cli::hook_tests::spec116_refus_sans_identite_dit_pourquoi ... ok
test cli::hook_tests::spec138_directory_accepts_explicit_global_and_project_root ... ok
test cli::depot_tests::le_register_du_cli_porte_la_machine_locale ... ok
test cli::hook_tests::statusline_ecarte_un_pourcentage_hors_domaine_sans_le_rabattre ... ok
test cli::hook_tests::statusline_garde_la_fenetre_presente_et_ignore_l_absente ... ok
test cli::hook_tests::ecriture_atomique_preserve_le_contenu ... ok
test cli::hook_tests::spawn_roundtrip_rejoue_la_meme_issue_apres_reponse_perdue ... ok
test cli::hook_tests::statusline_n_invente_aucun_verdict_de_statut ... ok
test cli::hook_tests::statusline_ne_pousse_pas_une_fenetre_sans_aucune_valeur ... ok
test cli::hook_tests::statusline_n_emet_aucune_declaration_de_presence ... ok
test cli::hook_tests::statusline_ne_prend_pas_le_contexte_pour_une_limite ... ok
test cli::hook_tests::statusline_releve_les_deux_fenetres_attestees ... ok
test cli::hook_tests::statusline_remplit_la_colonne_du_referent ... ok
test cli::hook_tests::statusline_sans_bloc_limites_ne_pousse_rien ... ok
test cli::hook_tests::statusline_tronque_le_pourcentage_fractionnaire ... ok
test cli::hook_tests::stop_cli_genere_ou_reutilise_un_command_id ... ok
test cli::hook_tests::rejeu_d_un_ordre_memorise_n_exige_pas_de_redeclarer_la_survie ... ok
test cli::hook_tests::spawn_cli_rejoue_l_enveloppe_memorisee_octet_pour_octet ... ok
test cli::hook_tests::structure_inattendue_ne_declenche_aucune_modification ... ok
test cli::idempotency_projection_tests::depot_guichet_refuse_les_formes_ouvertes_ou_incompletes ... ok
test cli::idempotency_projection_tests::depot_guichet_parse_les_trois_mutations_sans_chemin_ni_principal_annexe ... ok
test cli::idempotency_projection_tests::depot_delegate_versionne_atomiquement_sa_cible_de_revue ... ok
test cli::idempotency_projection_tests::depot_guichet_rejoue_le_canon_ferme_avec_les_trois_cles ... ok
test cli::idempotency_projection_tests::options_idempotentes_sont_obligatoires_ensemble ... ok
test cli::idempotency_projection_tests::json_publie_la_persistance_meme_indeterminee ... ok
test cli::hook_tests::spec_091_posture_replay_is_exact_and_divergence_refused ... ok
test cli::hook_tests::spawn_neuf_refuse_de_partir_sans_choix_de_survie ... ok
test cli::idempotency_projection_tests::who_affiche_mode_et_localisation_sans_dependre_d_un_tty ... ok
test cli::idempotency_projection_tests::who_distingue_persistant_ephemere_et_non_atteste ... ok
test cli::idempotency_projection_tests::status_ne_compte_pas_les_messages_d_une_base_qui_n_est_pas_celle_du_daemon ... ok
test cli::idempotency_projection_tests::who_marque_l_ecart_de_modele_et_reste_muet_sans_signal ... ok
test cli::idempotency_projection_tests::who_rend_une_limite_compacte_par_fenetre_et_garde_l_absence ... ok
test cli::ledger_borne_tests::borne_reglable_et_defaut_au_maximum_lisible ... ok
test cli::ledger_borne_tests::vue_bornee_declare_ce_qu_elle_ne_montre_pas ... ok
test cli::ledger_borne_tests::vue_complete_n_annonce_aucune_troncature ... ok
test cli::ledger_borne_tests::maximum_lisible_declare_l_ignorance_au_lieu_de_la_taire ... ok
test cli::spec102_cli_thread_tests::spec102_v29_marqueur_thread_notice_reconnu_et_ancien_format_conserve ... ok
test cli::spec102_cli_thread_tests::spec102_v33_cli_thread_flags_stricts_et_formes_exactes ... ok
test cli::spec102_cli_thread_tests::spec127_debut_d_uuid_unique_accepte_ambigu_ou_court_refuse ... ok
test cli::spec102_cli_thread_tests::spec102_v07_cli_noms_ambigus_refuses ... ok
test cli::spec100_cli_events_contract ... ok
test cli::spec102_cli_thread_tests::spec132_le_client_attend_le_delai_de_lancement_demande ... ok
test cli::spec102_cli_thread_tests::spec138_thread_accepts_explicit_reason_outside_exact_body ... ok
test cli::spec102_cli_thread_tests::spec136_cli_structured_options_are_strict ... ok
test cli::idempotency_projection_tests::who_et_status_signalent_exactement_un_daemon_perime ... ok
test cli::spec103_cli_handoff_tests::spec103_s18_arguments_stricts_et_action_coherente ... ok
test cli::spec103_cli_handoff_tests::spec103_s19_stdin_borne_a_64_kio_avant_analyse ... ok
test cli::idempotency_projection_tests::projection_cli_et_client_reference_produisent_le_meme_envoi_et_le_meme_rejet ... ok
test cli::spawn_executor_tests::spawn_cli_laisse_l_executant_refuser_le_cwd_absent_et_garde_le_cas_valide ... ok
test cli::hook_tests::statusline_attribue_ses_faits_sans_se_declarer ... ok
test cli::idempotency_projection_tests::projection_cli_et_reference_partagent_le_canon_du_daemon_reel ... ok

test result: ok. 80 passed; 0 failed; 0 ignored; 0 measured; 962 filtered out; finished in 0.47s

