   Compiling libc v0.2.189
   Compiling proc-macro2 v1.0.107
   Compiling quote v1.0.47
   Compiling cfg-if v1.0.4
   Compiling unicode-ident v1.0.24
   Compiling version_check v0.9.5
   Compiling memchr v2.8.3
   Compiling typenum v1.20.1
   Compiling serde_core v1.0.229
   Compiling getrandom v0.3.4
   Compiling zerocopy v0.8.56
   Compiling itoa v1.0.18
   Compiling find-msvc-tools v0.1.10
   Compiling serde v1.0.229
   Compiling zmij v1.0.23
   Compiling getrandom v0.4.3
   Compiling shlex v2.0.1
   Compiling pkg-config v0.3.33
   Compiling regex-syntax v0.8.11
   Compiling generic-array v0.14.7
   Compiling cc v1.4.2
   Compiling aho-corasick v1.1.5
   Compiling httparse v1.10.1
   Compiling serde_json v1.0.151
   Compiling vcpkg v0.2.15
   Compiling thiserror v2.0.20
   Compiling log v0.4.33
   Compiling foldhash v0.1.5
   Compiling sha1_smol v1.0.1
   Compiling utf8parse v0.2.2
   Compiling bytes v1.12.1
   Compiling anstyle-parse v1.0.0
   Compiling hashbrown v0.15.5
   Compiling anstyle v1.0.14
   Compiling data-encoding v2.11.1
   Compiling jiff-core v0.1.0
   Compiling pulldown-cmark v0.13.4
   Compiling signal-hook v0.3.18
   Compiling block-buffer v0.10.4
   Compiling crypto-common v0.1.7
   Compiling cpufeatures v0.2.17
   Compiling libsqlite3-sys v0.35.0
   Compiling regex-automata v0.4.18
   Compiling syn v3.0.3
   Compiling rand_core v0.9.5
   Compiling digest v0.10.7
   Compiling http v1.5.0
   Compiling errno v0.3.14
   Compiling utf-8 v0.7.6
   Compiling equivalent v1.0.2
   Compiling hashbrown v0.17.1
   Compiling colorchoice v1.0.5
   Compiling is_terminal_polyfill v1.70.2
   Compiling sha1 v0.10.7
   Compiling bitflags v2.13.1
   Compiling anstyle-query v1.1.5
   Compiling sha2 v0.10.9
   Compiling signal-hook-registry v1.4.8
   Compiling jiff v0.2.35
   Compiling anstream v1.0.0
   Compiling hashlink v0.10.0
   Compiling indexmap v2.14.0
   Compiling bridget-daemon v0.1.3 (/Users/moi/Nextcloud/10.Scripts/64.bridget/.worktrees/138-priorite-projet/crates/bridget-daemon)
   Compiling ryu v1.0.23
   Compiling uuid v1.24.0
   Compiling smallvec v1.15.2
   Compiling unsafe-libyaml v0.2.11
   Compiling fallible-streaming-iterator v0.1.9
   Compiling fallible-iterator v0.3.0
   Compiling unicase v2.9.0
   Compiling unicode-width v0.2.2
   Compiling minreq v2.14.1
   Compiling regex v1.13.1
   Compiling serde_derive v1.0.229
   Compiling thiserror-impl v2.0.20
   Compiling ppv-lite86 v0.2.21
   Compiling rand_chacha v0.9.0
   Compiling env_filter v2.0.0
   Compiling rand v0.9.5
   Compiling env_logger v0.11.11
   Compiling tungstenite v0.26.2
   Compiling bridget-core v0.1.3 (/Users/moi/Nextcloud/10.Scripts/64.bridget/.worktrees/138-priorite-projet/crates/bridget-core)
   Compiling serde_yaml v0.9.34+deprecated
   Compiling bridget-transport v0.1.3 (/Users/moi/Nextcloud/10.Scripts/64.bridget/.worktrees/138-priorite-projet/crates/bridget-transport)
   Compiling rusqlite v0.37.0
    Finished `release` profile [optimized] target(s) in 1m 28s
